
[2026-09-28T04:00:17Z] Mobile ESLint

[2026-09-28T04:00:19Z] Mobile TypeScript

[2026-09-28T04:00:20Z] Mobile release metadata alignment
Mobile version alignment OK: 1.2.0, Android 3, iOS 3, MASS26-20260806, schema 1, outbox v3

[2026-09-28T04:00:20Z] Mobile Jest
PASS __tests__/QuickStartPage.test.tsx
PASS __tests__/SosPage.test.tsx
PASS __tests__/uavArrivalCaptureClient.test.ts
PASS __tests__/uavRescueClient.test.ts
PASS __tests__/eventBookingRecord.test.ts
PASS __tests__/firebaseRealtimeDatabase.test.ts
PASS __tests__/uavCaptureV2.test.ts
PASS __tests__/freshUavPosition.test.ts
PASS __tests__/SettingPage.test.tsx
PASS __tests__/uavWifiClient.test.ts
PASS __tests__/SystemHealthPage.test.tsx
PASS __tests__/currentSosStore.test.ts
PASS __tests__/quickStartSample.test.ts
PASS __tests__/rescueRecordHash.test.ts
PASS __tests__/quickStartSessionId.test.ts
PASS __tests__/quickStartMetrics.test.ts
PASS __tests__/App.test.tsx
  ● Console

    console.log
      🔥 App starting — initializing database

      at log (App.tsx:18:17)

    console.log
      ✅ Database initialized successfully

      at log (App.tsx:20:17)

PASS __tests__/uavCaptureIdentity.test.ts
PASS __tests__/positionTimestamp.test.ts

Test Suites: 19 passed, 19 total
Tests:       229 passed, 229 total
Snapshots:   0 total
Time:        2.865 s
Ran all test suites.

[2026-09-28T04:00:23Z] All first-party Python and packaging syntax
PASS: syntax compiled for 84 first-party Python/packaging files; none imported

[2026-09-28T04:00:23Z] Ground Station unit tests
test_booking_episode_semantics_change_hash_but_priority_does_not (test_active_event_queue.ActiveQueueTests.test_booking_episode_semantics_change_hash_but_priority_does_not) ... ok
test_cancelling_selection_returns_same_event_without_resetting_wait_time (test_active_event_queue.ActiveQueueTests.test_cancelling_selection_returns_same_event_without_resetting_wait_time) ... ok
test_capture_v2_ui_callback_does_not_require_ambiguous_top_level_mission_id (test_active_event_queue.ActiveQueueTests.test_capture_v2_ui_callback_does_not_require_ambiguous_top_level_mission_id) ... ok
test_cloud_authorization_prevents_release_when_local_storage_fails (test_active_event_queue.ActiveQueueTests.test_cloud_authorization_prevents_release_when_local_storage_fails) ... ok
test_confirmation_cancellation_returns_pending_without_execution (test_active_event_queue.ActiveQueueTests.test_confirmation_cancellation_returns_pending_without_execution) ... ok
test_confirmed_dispatch_atomically_exits_active_and_marks_dispatched (test_active_event_queue.ActiveQueueTests.test_confirmed_dispatch_atomically_exits_active_and_marks_dispatched) ... ok
test_confirming_entry_cannot_be_cancelled_by_another_window (test_active_event_queue.ActiveQueueTests.test_confirming_entry_cannot_be_cancelled_by_another_window) ... ok
test_destroyed_dialog_is_explicitly_recoverable_after_sqlite_reopen (test_active_event_queue.ActiveQueueTests.test_destroyed_dialog_is_explicitly_recoverable_after_sqlite_reopen) ... ok
test_direct_dispatch_requires_selection_then_separate_preparation (test_active_event_queue.ActiveQueueTests.test_direct_dispatch_requires_selection_then_separate_preparation) ... ok
test_event_trigger_changed_during_confirmation_cannot_authorize_old_route (test_active_event_queue.ActiveQueueTests.test_event_trigger_changed_during_confirmation_cannot_authorize_old_route) ... ok
test_legacy_broker_confirmed_recovery_only_commits_and_exits_active (test_active_event_queue.ActiveQueueTests.test_legacy_broker_confirmed_recovery_only_commits_and_exits_active) ... ok
test_legacy_unqueued_unknown_execution_migrates_but_never_republishes (test_active_event_queue.ActiveQueueTests.test_legacy_unqueued_unknown_execution_migrates_but_never_republishes) ... ok
test_local_prepared_execution_intent_prevents_confirmation_reset (test_active_event_queue.ActiveQueueTests.test_local_prepared_execution_intent_prevents_confirmation_reset) ... ok
test_old_dialog_callback_rejected_after_explicit_confirmation_recovery (test_active_event_queue.ActiveQueueTests.test_old_dialog_callback_rejected_after_explicit_confirmation_recovery) ... ok
test_old_preparation_version_cannot_replace_current_review (test_active_event_queue.ActiveQueueTests.test_old_preparation_version_cannot_replace_current_review) ... ok
test_other_workstation_cannot_prepare_cancel_or_confirm_this_selection (test_active_event_queue.ActiveQueueTests.test_other_workstation_cannot_prepare_cancel_or_confirm_this_selection) ... ok
test_preparation_error_keeps_selected_entry_available_for_return (test_active_event_queue.ActiveQueueTests.test_preparation_error_keeps_selected_entry_available_for_return) ... ok
test_primary_change_requires_a_new_prepared_review (test_active_event_queue.ActiveQueueTests.test_primary_change_requires_a_new_prepared_review) ... ok
test_real_ui_callbacks_enforce_select_prepare_confirm_in_separate_views (test_active_event_queue.ActiveQueueTests.test_real_ui_callbacks_enforce_select_prepare_confirm_in_separate_views) ... ok
test_same_workstation_second_process_cannot_confirm_an_open_dialog (test_active_event_queue.ActiveQueueTests.test_same_workstation_second_process_cannot_confirm_an_open_dialog) ... ok
test_unknown_execution_stays_active_and_cannot_return_to_pending (test_active_event_queue.ActiveQueueTests.test_unknown_execution_stays_active_and_cannot_return_to_pending) ... ok
test_later_quarantine_does_not_block_commit_only_recovery (test_active_event_queue.QuickStartQuarantineAuthorizationTests.test_later_quarantine_does_not_block_commit_only_recovery) ... ok
test_later_quarantine_does_not_rewrite_authorized_same_execution_retry (test_active_event_queue.QuickStartQuarantineAuthorizationTests.test_later_quarantine_does_not_rewrite_authorized_same_execution_retry) ... ok
test_legacy_inactivity_prepared_route_rechecks_current_quarantine (test_active_event_queue.QuickStartQuarantineAuthorizationTests.test_legacy_inactivity_prepared_route_rechecks_current_quarantine) ... ok
test_malformed_quarantine_cannot_silently_authorize (test_active_event_queue.QuickStartQuarantineAuthorizationTests.test_malformed_quarantine_cannot_silently_authorize) ... ok
test_new_timeout_prepared_route_rechecks_current_quarantine (test_active_event_queue.QuickStartQuarantineAuthorizationTests.test_new_timeout_prepared_route_rechecks_current_quarantine) ... ok
test_other_session_quarantine_does_not_block_primary_authorization (test_active_event_queue.QuickStartQuarantineAuthorizationTests.test_other_session_quarantine_does_not_block_primary_authorization) ... ok
test_quarantine_during_confirmation_blocks_new_authorization (test_active_event_queue.QuickStartQuarantineAuthorizationTests.test_quarantine_during_confirmation_blocks_new_authorization) ... ok
test_ack_v2_retains_all_identity_and_rejects_v1_shaped_capture (test_capture_record_protocol_v2.CaptureProtocolV2Tests.test_ack_v2_retains_all_identity_and_rejects_v1_shaped_capture) ... ok
test_durable_store_precedes_ack_and_ack_failure_keeps_capture (test_capture_record_protocol_v2.CaptureProtocolV2Tests.test_durable_store_precedes_ack_and_ack_failure_keeps_capture) ... ok
test_outer_and_inner_hashes_cover_source_and_new_gps (test_capture_record_protocol_v2.CaptureProtocolV2Tests.test_outer_and_inner_hashes_cover_source_and_new_gps) ... ok
test_store_isolated_namespaces_and_same_capture_conflict (test_capture_record_protocol_v2.CaptureProtocolV2Tests.test_store_isolated_namespaces_and_same_capture_conflict) ... ok
test_v2_source_and_carrier_are_distinct_and_summary_shows_both (test_capture_record_protocol_v2.CaptureProtocolV2Tests.test_v2_source_and_carrier_are_distinct_and_summary_shows_both) ... ok
test_wire_copies_and_all_golden_cases_match (test_capture_record_protocol_v2.CaptureProtocolV2Tests.test_wire_copies_and_all_golden_cases_match) ... ok
test_direct_runtime_lock_is_minimal_and_exact (test_dependency_lock.DependencyLockTests.test_direct_runtime_lock_is_minimal_and_exact) ... ok
test_database_and_live_wal_shm_are_private (test_dispatch_journal.JournalTests.test_database_and_live_wal_shm_are_private) ... ok
test_immutable_intent_and_target_scope (test_dispatch_journal.JournalTests.test_immutable_intent_and_target_scope) ... ok
test_new_process_reads_durable_broker_confirmation (test_dispatch_journal.JournalTests.test_new_process_reads_durable_broker_confirmation) ... ok
test_platform_without_fchmod_can_open_and_recover (test_dispatch_journal.JournalTests.test_platform_without_fchmod_can_open_and_recover) ... ok
test_previous_journal_schema_adds_time_column_without_changing_payload (test_dispatch_journal.JournalTests.test_previous_journal_schema_adds_time_column_without_changing_payload) ... ok
test_two_connections_cannot_race_a_terminal_state_backwards (test_dispatch_journal.JournalTests.test_two_connections_cannot_race_a_terminal_state_backwards) ... ok
test_all_shared_golden_fixtures (test_dispatch_journal.TaskProtocolTests.test_all_shared_golden_fixtures) ... ok
test_bad_identity_coordinates_and_oversize_rejected (test_dispatch_journal.TaskProtocolTests.test_bad_identity_coordinates_and_oversize_rejected) ... ok
test_cached_or_named_firebase_app_cannot_use_another_database (test_execution_recovery.ConfigurationAndStatusTests.test_cached_or_named_firebase_app_cannot_use_another_database) ... ok
test_explicit_missing_credential_path_does_not_fall_back (test_execution_recovery.ConfigurationAndStatusTests.test_explicit_missing_credential_path_does_not_fall_back) ... ok
test_mission_status_database_lookup_runs_off_network_callback (test_execution_recovery.ConfigurationAndStatusTests.test_mission_status_database_lookup_runs_off_network_callback) ... ok
test_task_optional_bounds_match_uav_and_wire_points_are_objects (test_execution_recovery.ConfigurationAndStatusTests.test_task_optional_bounds_match_uav_and_wire_points_are_objects) ... ok
test_v2_status_is_correlated_zero_based_and_does_not_commit_ledger (test_execution_recovery.ConfigurationAndStatusTests.test_v2_status_is_correlated_zero_based_and_does_not_commit_ledger) ... ok
test_confirmed_recovery_works_after_primary_removed_and_config_unavailable (test_execution_recovery.DispatchFaultTests.test_confirmed_recovery_works_after_primary_removed_and_config_unavailable) ... ok
test_corrupt_saved_payload_never_publishes (test_execution_recovery.DispatchFaultTests.test_corrupt_saved_payload_never_publishes) ... ok
test_idempotent_commit_preserves_original_publication_time (test_execution_recovery.DispatchFaultTests.test_idempotent_commit_preserves_original_publication_time) ... ok
test_ledger_write_failure_prevents_publication (test_execution_recovery.DispatchFaultTests.test_ledger_write_failure_prevents_publication) ... ok
test_renderer_recovery_callback_uses_saved_id_without_current_primary (test_execution_recovery.DispatchFaultTests.test_renderer_recovery_callback_uses_saved_id_without_current_primary) ... ok
test_rtl_cannot_differ_from_reviewed_value (test_execution_recovery.DispatchFaultTests.test_rtl_cannot_differ_from_reviewed_value) ... ok
test_two_stations_authorize_same_event_only_one_claim_publishes (test_execution_recovery.DispatchFaultTests.test_two_stations_authorize_same_event_only_one_claim_publishes) ... ok
test_bounded_success_dedup_and_failed_sync_can_retry_same_ready (test_execution_recovery.ReadyTests.test_bounded_success_dedup_and_failed_sync_can_retry_same_ready) ... ok
test_callback_spawns_worker_once_and_rejects_retained_ready (test_execution_recovery.ReadyTests.test_callback_spawns_worker_once_and_rejects_retained_ready) ... ok
test_connect_subscribes_ready_and_preserves_own_sync (test_execution_recovery.ReadyTests.test_connect_subscribes_ready_and_preserves_own_sync) ... ok
test_exact_shape_retained_duplicates_and_size_fail_closed (test_execution_recovery.ReadyTests.test_exact_shape_retained_duplicates_and_size_fail_closed) ... ok
test_real_reply_waits_for_confirmation_before_success_cache (test_execution_recovery.ReadyTests.test_real_reply_waits_for_confirmation_before_success_cache) ... ok
test_sync_failure_retries_without_second_receiver_ready (test_execution_recovery.ReadyTests.test_sync_failure_retries_without_second_receiver_ready) ... ok
test_sync_retry_stops_when_connection_generation_changes (test_execution_recovery.ReadyTests.test_sync_retry_stops_when_connection_generation_changes) ... ok
test_callers_receive_an_isolated_copy (test_ground_station_demo.OfflineDemoFixtureTests.test_callers_receive_an_isolated_copy) ... ok
test_contains_workflow_records_and_three_rescue_event_classes (test_ground_station_demo.OfflineDemoFixtureTests.test_contains_workflow_records_and_three_rescue_event_classes) ... ok
test_demo_contacts_are_explicitly_non_dialable (test_ground_station_demo.OfflineDemoFixtureTests.test_demo_contacts_are_explicitly_non_dialable) ... ok
test_demo_contains_one_pending_alert_and_converted_sources (test_ground_station_demo.OfflineDemoFixtureTests.test_demo_contains_one_pending_alert_and_converted_sources) ... ok
test_fixed_test_only_time_orders_one_unified_queue (test_ground_station_demo.OfflineDemoFixtureTests.test_fixed_test_only_time_orders_one_unified_queue) ... ok
test_fixture_uses_demo_ids_and_not_known_experimental_ids (test_ground_station_demo.OfflineDemoFixtureTests.test_fixture_uses_demo_ids_and_not_known_experimental_ids) ... ok
test_queue_calculation_does_not_mutate_caller_data (test_ground_station_demo.OfflineDemoFixtureTests.test_queue_calculation_does_not_mutate_caller_data) ... ok
test_raw_records_are_read_only_and_never_direct_dispatch_targets (test_ground_station_demo.OfflineDemoFixtureTests.test_raw_records_are_read_only_and_never_direct_dispatch_targets) ... ok
test_visible_demo_text_has_required_boundaries_and_no_endpoint (test_ground_station_demo.OfflineDemoFixtureTests.test_visible_demo_text_has_required_boundaries_and_no_endpoint) ... ok
test_v7_metadata_is_centralized_and_consistent (test_ground_station_demo.ReleaseMetadataTests.test_v7_metadata_is_centralized_and_consistent) ... ok
test_alert_identity_mismatch_is_rejected_before_prompt_or_write (test_ground_station_rescue_flow.ContactAndPresentationIntegrationTests.test_alert_identity_mismatch_is_rejected_before_prompt_or_write) ... ok
test_contact_emergency_ui_offers_only_not_available_when_removed (test_ground_station_rescue_flow.ContactAndPresentationIntegrationTests.test_contact_emergency_ui_offers_only_not_available_when_removed) ... ok
test_malformed_primary_identity_disables_one_card_without_crashing (test_ground_station_rescue_flow.ContactAndPresentationIntegrationTests.test_malformed_primary_identity_disables_one_card_without_crashing) ... ok
test_pending_event_renderer_uses_global_scheduler_order (test_ground_station_rescue_flow.ContactAndPresentationIntegrationTests.test_pending_event_renderer_uses_global_scheduler_order) ... ok
test_pending_identity_conflict_keeps_both_cards_disabled (test_ground_station_rescue_flow.ContactAndPresentationIntegrationTests.test_pending_identity_conflict_keeps_both_cards_disabled) ... ok
test_police_confirmation_uses_one_conditional_user_transaction (test_ground_station_rescue_flow.ContactAndPresentationIntegrationTests.test_police_confirmation_uses_one_conditional_user_transaction) ... ok
test_raw_records_and_manual_preview_have_no_direct_dispatch_call (test_ground_station_rescue_flow.ContactAndPresentationIntegrationTests.test_raw_records_and_manual_preview_have_no_direct_dispatch_call) ... ok
test_removed_emergency_contact_cannot_create_a_contact_result (test_ground_station_rescue_flow.ContactAndPresentationIntegrationTests.test_removed_emergency_contact_cannot_create_a_contact_result) ... ok
test_invalid_parameters_return_structured_status_without_publish (test_ground_station_rescue_flow.GenericDispatchTests.test_invalid_parameters_return_structured_status_without_publish) ... ok
test_mqtt_unavailable_is_explicit (test_ground_station_rescue_flow.GenericDispatchTests.test_mqtt_unavailable_is_explicit) ... ok
test_operator_cancellation_does_not_publish (test_ground_station_rescue_flow.GenericDispatchTests.test_operator_cancellation_does_not_publish) ... ok
test_qos_one_rc_wait_and_publish_confirmation_are_enforced (test_ground_station_rescue_flow.GenericDispatchTests.test_qos_one_rc_wait_and_publish_confirmation_are_enforced) ... ok
test_booking_route_keeps_original_order (test_ground_station_rescue_flow.MissionPreparationTests.test_booking_route_keeps_original_order) ... ok
test_missing_empty_invalid_and_oversized_routes_are_blocked (test_ground_station_rescue_flow.MissionPreparationTests.test_missing_empty_invalid_and_oversized_routes_are_blocked) ... ok
test_quick_route_uses_timestamp_order_not_firebase_key_order (test_ground_station_rescue_flow.MissionPreparationTests.test_quick_route_uses_timestamp_order_not_firebase_key_order) ... ok
test_sos_reuses_request_id_for_phone_uav_join (test_ground_station_rescue_flow.MissionPreparationTests.test_sos_reuses_request_id_for_phone_uav_join) ... ok
test_supplementary_records_do_not_change_primary_route (test_ground_station_rescue_flow.MissionPreparationTests.test_supplementary_records_do_not_change_primary_route) ... ok
test_failed_cancellation_does_not_register_a_second_callback (test_ground_station_rescue_flow.PeriodicRefreshTests.test_failed_cancellation_does_not_register_a_second_callback) ... ok
test_refresh_exception_rearms_exactly_one_periodic_callback (test_ground_station_rescue_flow.PeriodicRefreshTests.test_refresh_exception_rearms_exactly_one_periodic_callback) ... ok
test_scheduler_keeps_only_one_after_callback (test_ground_station_rescue_flow.PeriodicRefreshTests.test_scheduler_keeps_only_one_after_callback) ... ok
test_configured_detection_waits_for_first_valid_quick_start_point (test_ground_station_rescue_flow.RescueConfigurationAndDetectionTests.test_configured_detection_waits_for_first_valid_quick_start_point) ... ok
test_explicit_thresholds_are_converted_to_milliseconds (test_ground_station_rescue_flow.RescueConfigurationAndDetectionTests.test_explicit_thresholds_are_converted_to_milliseconds) ... ok
test_legacy_settings_do_not_silently_enable_new_freshness_policy (test_ground_station_rescue_flow.RescueConfigurationAndDetectionTests.test_legacy_settings_do_not_silently_enable_new_freshness_policy) ... ok
test_missing_thresholds_still_reconcile_timestamped_booking_and_sos (test_ground_station_rescue_flow.RescueConfigurationAndDetectionTests.test_missing_thresholds_still_reconcile_timestamped_booking_and_sos) ... ok
test_thresholds_have_no_business_defaults (test_ground_station_rescue_flow.RescueConfigurationAndDetectionTests.test_thresholds_have_no_business_defaults) ... ok
test_unrepresentable_duration_fails_closed_without_crashing (test_ground_station_rescue_flow.RescueConfigurationAndDetectionTests.test_unrepresentable_duration_fails_closed_without_crashing) ... ok
test_cancel_does_not_create_intent_or_publish (test_ground_station_rescue_flow.RescueEventDispatchWrapperTests.test_cancel_does_not_create_intent_or_publish) ... ok
test_changed_event_during_confirmation_cannot_publish (test_ground_station_rescue_flow.RescueEventDispatchWrapperTests.test_changed_event_during_confirmation_cannot_publish) ... ok
test_changed_primary_during_confirmation_requires_review (test_ground_station_rescue_flow.RescueEventDispatchWrapperTests.test_changed_primary_during_confirmation_requires_review) ... ok
test_firebase_failure_then_sqlite_reopen_only_commits_without_republish (test_ground_station_rescue_flow.RescueEventDispatchWrapperTests.test_firebase_failure_then_sqlite_reopen_only_commits_without_republish) ... ok
test_published_event_is_conditionally_marked_dispatched (test_ground_station_rescue_flow.RescueEventDispatchWrapperTests.test_published_event_is_conditionally_marked_dispatched) ... ok
test_refresh_failure_cannot_reverse_committed_dispatch (test_ground_station_rescue_flow.RescueEventDispatchWrapperTests.test_refresh_failure_cannot_reverse_committed_dispatch) ... ok
test_unknown_requires_explicit_same_execution_retry (test_ground_station_rescue_flow.RescueEventDispatchWrapperTests.test_unknown_requires_explicit_same_execution_retry) ... ok
test_demo_broker_label_never_uses_runtime_endpoint (test_ground_station_runtime.DemoRuntimeIsolationTests.test_demo_broker_label_never_uses_runtime_endpoint) ... ok
test_demo_refuses_firebase_initialization_before_credential_lookup (test_ground_station_runtime.DemoRuntimeIsolationTests.test_demo_refuses_firebase_initialization_before_credential_lookup) ... ok
test_production_endpoint_is_explicitly_unconfigured_by_default (test_ground_station_runtime.DemoRuntimeIsolationTests.test_production_endpoint_is_explicitly_unconfigured_by_default) ... ok
test_booking_and_quick_start_begin_at_same_priority (test_priority_scheduler.PrioritySchedulerTests.test_booking_and_quick_start_begin_at_same_priority) ... ok
test_boolean_epoch_values_are_rejected (test_priority_scheduler.PrioritySchedulerTests.test_boolean_epoch_values_are_rejected) ... ok
test_cross_user_duplicate_event_ids_have_deterministic_final_tie_break (test_priority_scheduler.PrioritySchedulerTests.test_cross_user_duplicate_event_ids_have_deterministic_final_tie_break) ... ok
test_equal_normal_duration_uses_earlier_event_creation (test_priority_scheduler.PrioritySchedulerTests.test_equal_normal_duration_uses_earlier_event_creation) ... ok
test_event_does_not_upgrade_one_millisecond_before_threshold (test_priority_scheduler.PrioritySchedulerTests.test_event_does_not_upgrade_one_millisecond_before_threshold) ... ok
test_event_upgrades_exactly_at_wait_threshold (test_priority_scheduler.PrioritySchedulerTests.test_event_upgrades_exactly_at_wait_threshold) ... ok
test_input_order_does_not_change_output (test_priority_scheduler.PrioritySchedulerTests.test_input_order_does_not_change_output) ... ok
test_location_timeout_uses_onset_for_normal_order_and_creation_for_promotion (test_priority_scheduler.PrioritySchedulerTests.test_location_timeout_uses_onset_for_normal_order_and_creation_for_promotion) ... ok
test_non_pending_events_are_ignored (test_priority_scheduler.PrioritySchedulerTests.test_non_pending_events_are_ignored) ... ok
test_normal_event_allows_equal_timestamp_boundaries (test_priority_scheduler.PrioritySchedulerTests.test_normal_event_allows_equal_timestamp_boundaries) ... ok
test_normal_event_requires_abnormal_start_not_after_creation (test_priority_scheduler.PrioritySchedulerTests.test_normal_event_requires_abnormal_start_not_after_creation) ... ok
test_normal_event_requires_creation_not_after_now (test_priority_scheduler.PrioritySchedulerTests.test_normal_event_requires_creation_not_after_now) ... ok
test_normal_events_use_longest_abnormal_duration_first (test_priority_scheduler.PrioritySchedulerTests.test_normal_events_use_longest_abnormal_duration_first) ... ok
test_schedule_metrics_are_transient_and_do_not_mutate_event (test_priority_scheduler.PrioritySchedulerTests.test_schedule_metrics_are_transient_and_do_not_mutate_event) ... ok
test_sos_accepts_rtdb_omitted_null_fields (test_priority_scheduler.PrioritySchedulerTests.test_sos_accepts_rtdb_omitted_null_fields) ... ok
test_sos_uses_the_same_initial_priority_as_other_modes (test_priority_scheduler.PrioritySchedulerTests.test_sos_uses_the_same_initial_priority_as_other_modes) ... ok
test_upgraded_event_and_sos_share_created_at_order (test_priority_scheduler.PrioritySchedulerTests.test_upgraded_event_and_sos_share_created_at_order) ... ok
test_clock_rollback_preserves_state_and_reports_issue (test_quick_start_freshness.LocationFreshnessTests.test_clock_rollback_preserves_state_and_reports_issue) ... ok
test_closed_safe_stale_episode_waits_for_genuine_recovery (test_quick_start_freshness.LocationFreshnessTests.test_closed_safe_stale_episode_waits_for_genuine_recovery) ... ok
test_completed_session_never_creates_alert (test_quick_start_freshness.LocationFreshnessTests.test_completed_session_never_creates_alert) ... ok
test_configuration_change_does_not_reinterpret_open_episode (test_quick_start_freshness.LocationFreshnessTests.test_configuration_change_does_not_reinterpret_open_episode) ... ok
test_conversion_rejects_tampered_time_identity_and_policy (test_quick_start_freshness.LocationFreshnessTests.test_conversion_rejects_tampered_time_identity_and_policy) ... ok
test_converted_event_is_not_cancelled_or_recreated_on_recovery (test_quick_start_freshness.LocationFreshnessTests.test_converted_event_is_not_cancelled_or_recreated_on_recovery) ... ok
test_corrupt_persisted_sample_is_reported_without_blocking_sos (test_quick_start_freshness.LocationFreshnessTests.test_corrupt_persisted_sample_is_reported_without_blocking_sos) ... ok
test_duplicate_out_of_order_and_stale_backfill_keep_episode (test_quick_start_freshness.LocationFreshnessTests.test_duplicate_out_of_order_and_stale_backfill_keep_episode) ... ok
test_failed_commit_does_not_persist_future_rejection_or_alert (test_quick_start_freshness.LocationFreshnessTests.test_failed_commit_does_not_persist_future_rejection_or_alert) ... ok
test_fresh_stationary_samples_do_not_alert (test_quick_start_freshness.LocationFreshnessTests.test_fresh_stationary_samples_do_not_alert) ... ok
test_future_sample_is_not_laundered_when_clock_catches_up (test_quick_start_freshness.LocationFreshnessTests.test_future_sample_is_not_laundered_when_clock_catches_up) ... ok
test_incomplete_active_episode_is_reported_without_crashing (test_quick_start_freshness.LocationFreshnessTests.test_incomplete_active_episode_is_reported_without_crashing) ... ok
test_legacy_pending_alert_blocks_second_type_without_mutation (test_quick_start_freshness.LocationFreshnessTests.test_legacy_pending_alert_blocks_second_type_without_mutation) ... ok
test_new_fresh_sample_applies_pending_configuration_as_new_epoch (test_quick_start_freshness.LocationFreshnessTests.test_new_fresh_sample_applies_pending_configuration_as_new_epoch) ... ok
test_no_valid_sample_is_not_ready_and_has_no_invented_time (test_quick_start_freshness.LocationFreshnessTests.test_no_valid_sample_is_not_ready_and_has_no_invented_time) ... ok
test_old_configuration_never_enables_new_production_scan (test_quick_start_freshness.LocationFreshnessTests.test_old_configuration_never_enables_new_production_scan) ... ok
test_pure_reconciliation_refreshes_conversion_snapshot_without_nested_transaction (test_quick_start_freshness.LocationFreshnessTests.test_pure_reconciliation_refreshes_conversion_snapshot_without_nested_transaction) ... ok
test_recovered_conversion_keeps_anomaly_snapshot_and_separate_diagnostics (test_quick_start_freshness.LocationFreshnessTests.test_recovered_conversion_keeps_anomaly_snapshot_and_separate_diagnostics) ... ok
test_recovery_retains_human_state_and_reuses_pending_alert (test_quick_start_freshness.LocationFreshnessTests.test_recovery_retains_human_state_and_reuses_pending_alert) ... ok
test_removed_suppression_reason_is_not_retained_by_repository (test_quick_start_freshness.LocationFreshnessTests.test_removed_suppression_reason_is_not_retained_by_repository) ... ok
test_scan_is_pure_and_retry_does_not_duplicate_episode (test_quick_start_freshness.LocationFreshnessTests.test_scan_is_pure_and_retry_does_not_duplicate_episode) ... ok
test_threshold_before_equal_and_after (test_quick_start_freshness.LocationFreshnessTests.test_threshold_before_equal_and_after) ... ok
test_transaction_retry_uses_current_callback_time_for_new_sample (test_quick_start_freshness.LocationFreshnessTests.test_transaction_retry_uses_current_callback_time_for_new_sample) ... ok
test_conversion_blocks_missing_or_changed_session_source (test_quick_start_ground_ui.QuickStartGroundTests.test_conversion_blocks_missing_or_changed_session_source) ... ok
test_conversion_reconciles_live_recovery_with_historical_anomaly_snapshot (test_quick_start_ground_ui.QuickStartGroundTests.test_conversion_reconciles_live_recovery_with_historical_anomaly_snapshot) ... ok
test_observation_uses_accepted_sample_and_survives_repeat_read (test_quick_start_ground_ui.QuickStartGroundTests.test_observation_uses_accepted_sample_and_survives_repeat_read) ... ok
test_quarantined_future_point_cannot_age_into_mission_route (test_quick_start_ground_ui.QuickStartGroundTests.test_quarantined_future_point_cannot_age_into_mission_route) ... ok
test_refresh_records_b_after_commit_and_never_after_failed_transaction (test_quick_start_ground_ui.QuickStartGroundTests.test_refresh_records_b_after_commit_and_never_after_failed_transaction) ... ok
test_ui_labels_recovery_without_claiming_safe_or_replacing_timestamps (test_quick_start_ground_ui.QuickStartGroundTests.test_ui_labels_recovery_without_claiming_safe_or_replacing_timestamps) ... ok
test_duplicate_restart_and_scope_preserve_first_observation (test_quick_start_observations.ObservationTests.test_duplicate_restart_and_scope_preserve_first_observation) ... ok
test_rejects_invalid_and_future_time_before_writing (test_quick_start_observations.ObservationTests.test_rejects_invalid_and_future_time_before_writing) ... ok
test_contact_removed_during_emergency_stage_records_not_available (test_rescue_event_manager.ContactAndConversionTests.test_contact_removed_during_emergency_stage_records_not_available) ... ok
test_conversion_rejects_duplicate_source_alert_under_another_key (test_rescue_event_manager.ContactAndConversionTests.test_conversion_rejects_duplicate_source_alert_under_another_key) ... ok
test_conversion_rejects_future_abnormal_start (test_rescue_event_manager.ContactAndConversionTests.test_conversion_rejects_future_abnormal_start) ... ok
test_conversion_rejects_noncanonical_alert_id (test_rescue_event_manager.ContactAndConversionTests.test_conversion_rejects_noncanonical_alert_id) ... ok
test_conversion_rejects_trigger_primary_type_mismatch (test_rescue_event_manager.ContactAndConversionTests.test_conversion_rejects_trigger_primary_type_mismatch) ... ok
test_conversion_returns_one_atomic_pair_without_mutating_input (test_rescue_event_manager.ContactAndConversionTests.test_conversion_returns_one_atomic_pair_without_mutating_input) ... ok
test_emergency_contact_availability_and_result_must_agree (test_rescue_event_manager.ContactAndConversionTests.test_emergency_contact_availability_and_result_must_agree) ... ok
test_emergency_result_cannot_skip_user_contact_stage (test_rescue_event_manager.ContactAndConversionTests.test_emergency_result_cannot_skip_user_contact_stage) ... ok
test_missing_emergency_contact_is_recorded_not_invented (test_rescue_event_manager.ContactAndConversionTests.test_missing_emergency_contact_is_recorded_not_invented) ... ok
test_quick_start_conversion_accepts_its_canonical_alert_id (test_rescue_event_manager.ContactAndConversionTests.test_quick_start_conversion_accepts_its_canonical_alert_id) ... ok
test_rtdb_omitted_null_contact_fields_remain_compatible (test_rescue_event_manager.ContactAndConversionTests.test_rtdb_omitted_null_contact_fields_remain_compatible) ... ok
test_still_unconfirmed_creates_rescue_event (test_rescue_event_manager.ContactAndConversionTests.test_still_unconfirmed_creates_rescue_event) ... ok
test_unconfirmed_user_advances_to_emergency_contact (test_rescue_event_manager.ContactAndConversionTests.test_unconfirmed_user_advances_to_emergency_contact) ... ok
test_user_safe_closes_alert_and_cannot_convert (test_rescue_event_manager.ContactAndConversionTests.test_user_safe_closes_alert_and_cannot_convert) ... ok
test_before_end_time_creates_no_alert (test_rescue_event_manager.EventBookingTimeoutTests.test_before_end_time_creates_no_alert) ... ok
test_exact_end_time_creates_alert (test_rescue_event_manager.EventBookingTimeoutTests.test_exact_end_time_creates_alert) ... ok
test_legacy_booking_requires_and_uses_explicit_timezone (test_rescue_event_manager.EventBookingTimeoutTests.test_legacy_booking_requires_and_uses_explicit_timezone) ... ok
test_repeated_refresh_does_not_duplicate_alert (test_rescue_event_manager.EventBookingTimeoutTests.test_repeated_refresh_does_not_duplicate_alert) ... ok
test_boolean_gps_values_are_ignored_not_coerced_to_zero_or_one (test_rescue_event_manager.QuickStartInactivityTests.test_boolean_gps_values_are_ignored_not_coerced_to_zero_or_one) ... ok
test_completed_session_creates_no_alert (test_rescue_event_manager.QuickStartInactivityTests.test_completed_session_creates_no_alert) ... ok
test_continued_uploads_at_same_position_still_trigger (test_rescue_event_manager.QuickStartInactivityTests.test_continued_uploads_at_same_position_still_trigger) ... ok
test_continuing_significant_movement_creates_no_alert (test_rescue_event_manager.QuickStartInactivityTests.test_continuing_significant_movement_creates_no_alert) ... ok
test_future_point_cannot_suppress_inactivity_alert (test_rescue_event_manager.QuickStartInactivityTests.test_future_point_cannot_suppress_inactivity_alert) ... ok
test_invalid_only_points_do_not_start_timer_or_create_alert (test_rescue_event_manager.QuickStartInactivityTests.test_invalid_only_points_do_not_start_timer_or_create_alert) ... ok
test_late_first_valid_point_starts_timer_at_its_timestamp (test_rescue_event_manager.QuickStartInactivityTests.test_late_first_valid_point_starts_timer_at_its_timestamp) ... ok
test_later_inactivity_episode_in_same_session_gets_a_new_alert (test_rescue_event_manager.QuickStartInactivityTests.test_later_inactivity_episode_in_same_session_gets_a_new_alert) ... ok
test_long_period_without_significant_movement_creates_alert (test_rescue_event_manager.QuickStartInactivityTests.test_long_period_without_significant_movement_creates_alert) ... ok
test_no_points_leave_inactivity_timer_uninitialized (test_rescue_event_manager.QuickStartInactivityTests.test_no_points_leave_inactivity_timer_uninitialized) ... ok
test_no_points_without_legacy_start_time_create_no_alert (test_rescue_event_manager.QuickStartInactivityTests.test_no_points_without_legacy_start_time_create_no_alert) ... ok
test_point_before_session_start_is_ignored (test_rescue_event_manager.QuickStartInactivityTests.test_point_before_session_start_is_ignored) ... ok
test_points_are_sorted_by_timestamp_not_lexical_key (test_rescue_event_manager.QuickStartInactivityTests.test_points_are_sorted_by_timestamp_not_lexical_key) ... ok
test_same_timestamp_mapping_points_use_stable_key_tie_break (test_rescue_event_manager.QuickStartInactivityTests.test_same_timestamp_mapping_points_use_stable_key_tie_break) ... ok
test_pending_sos_requires_contact_and_search_confirmation (test_rescue_event_manager.SosAndScanTests.test_pending_sos_requires_contact_and_search_confirmation) ... ok
test_repeated_sos_scan_preserves_existing_alert (test_rescue_event_manager.SosAndScanTests.test_repeated_sos_scan_preserves_existing_alert) ... ok
test_scan_reports_bad_legacy_record_without_blocking_sos (test_rescue_event_manager.SosAndScanTests.test_scan_reports_bad_legacy_record_without_blocking_sos) ... ok
test_sos_requires_available_emergency_contact_result (test_rescue_event_manager.SosAndScanTests.test_sos_requires_available_emergency_contact_result) ... ok
test_sos_safe_user_does_not_create_event (test_rescue_event_manager.SosAndScanTests.test_sos_safe_user_does_not_create_event) ... ok
test_conflicting_existing_evidence_is_never_overwritten (test_rescue_record_protocol.PersistenceAndAckTests.test_conflicting_existing_evidence_is_never_overwritten) ... ok
test_create_race_verifies_winner_without_overwriting_it (test_rescue_record_protocol.PersistenceAndAckTests.test_create_race_verifies_winner_without_overwriting_it) ... ok
test_directory_sync_failure_does_not_publish_ack (test_rescue_record_protocol.PersistenceAndAckTests.test_directory_sync_failure_does_not_publish_ack) ... ok
test_envelope_sync_failure_after_record_write_is_recoverable_without_false_ack (test_rescue_record_protocol.PersistenceAndAckTests.test_envelope_sync_failure_after_record_write_is_recoverable_without_false_ack) ... ok
test_persists_complete_record_and_envelope_before_ack (test_rescue_record_protocol.PersistenceAndAckTests.test_persists_complete_record_and_envelope_before_ack) ... ok
test_publish_failure_keeps_stored_evidence_without_false_ack_state (test_rescue_record_protocol.PersistenceAndAckTests.test_publish_failure_keeps_stored_evidence_without_false_ack_state) ... ok
test_temporary_file_failure_is_reported_as_persistence_failure_without_ack (test_rescue_record_protocol.PersistenceAndAckTests.test_temporary_file_failure_is_reported_as_persistence_failure_without_ack) ... ok
test_publish_checks_rc_waits_bounded_and_requires_published (test_rescue_record_protocol.PublishResultTests.test_publish_checks_rc_waits_bounded_and_requires_published) ... ok
test_publish_rc_failure_is_not_acknowledged (test_rescue_record_protocol.PublishResultTests.test_publish_rc_failure_is_not_acknowledged) ... ok
test_publish_timeout_is_not_acknowledged (test_rescue_record_protocol.PublishResultTests.test_publish_timeout_is_not_acknowledged) ... ok
test_parses_both_hashes_and_builds_strict_matching_ack (test_rescue_record_protocol.RescueRecordProtocolTests.test_parses_both_hashes_and_builds_strict_matching_ack) ... ok
test_rejects_forwarding_timestamp_before_uav_receipt (test_rescue_record_protocol.RescueRecordProtocolTests.test_rejects_forwarding_timestamp_before_uav_receipt) ... ok
test_rejects_resigned_invalid_forward_trigger (test_rescue_record_protocol.RescueRecordProtocolTests.test_rejects_resigned_invalid_forward_trigger) ... ok
test_rejects_resigned_invalid_storage_state (test_rescue_record_protocol.RescueRecordProtocolTests.test_rejects_resigned_invalid_storage_state) ... ok
test_rejects_resigned_semantics_that_do_not_match_trigger (test_rescue_record_protocol.RescueRecordProtocolTests.test_rejects_resigned_semantics_that_do_not_match_trigger) ... ok
test_rejects_tampered_envelope_metadata (test_rescue_record_protocol.RescueRecordProtocolTests.test_rejects_tampered_envelope_metadata) ... ok
test_rejects_tampered_payload_even_if_envelope_is_resigned (test_rescue_record_protocol.RescueRecordProtocolTests.test_rejects_tampered_payload_even_if_envelope_is_resigned) ... ok
test_summary_preserves_real_trigger_and_semantics (test_rescue_record_protocol.RescueRecordProtocolTests.test_summary_preserves_real_trigger_and_semantics) ... ok
test_applies_optional_runtime_credentials (test_rescue_record_protocol.RuntimeMqttAuthTests.test_applies_optional_runtime_credentials) ... ok
test_no_credentials_leaves_client_unchanged (test_rescue_record_protocol.RuntimeMqttAuthTests.test_no_credentials_leaves_client_unchanged) ... ok
test_password_without_username_is_rejected (test_rescue_record_protocol.RuntimeMqttAuthTests.test_password_without_username_is_rejected) ... ok
test_booking_changed_or_missing_source_cannot_convert_old_episode (test_rescue_reliability.InputAndContactTests.test_booking_changed_or_missing_source_cannot_convert_old_episode) ... ok
test_booking_new_end_rearms_but_same_legacy_episode_deduplicates (test_rescue_reliability.InputAndContactTests.test_booking_new_end_rearms_but_same_legacy_episode_deduplicates) ... ok
test_detection_and_preparation_share_session_time_bounds (test_rescue_reliability.InputAndContactTests.test_detection_and_preparation_share_session_time_bounds) ... ok
test_firebase_target_is_explicit_and_normalized (test_rescue_reliability.InputAndContactTests.test_firebase_target_is_explicit_and_normalized) ... ok
test_gps_diagnostic_uses_first_valid_point_without_new_timer (test_rescue_reliability.InputAndContactTests.test_gps_diagnostic_uses_first_valid_point_without_new_timer) ... ok
test_legacy_booking_event_checks_original_episode_before_preparation (test_rescue_reliability.InputAndContactTests.test_legacy_booking_event_checks_original_episode_before_preparation) ... ok
test_null_or_nonstring_contact_is_unavailable (test_rescue_reliability.InputAndContactTests.test_null_or_nonstring_contact_is_unavailable) ... ok
test_police_cancellation_preserves_completed_contact_result (test_rescue_reliability.InputAndContactTests.test_police_cancellation_preserves_completed_contact_result) ... ok
test_source_waypoint_limit_is_explicit_and_does_not_truncate (test_rescue_reliability.InputAndContactTests.test_source_waypoint_limit_is_explicit_and_does_not_truncate) ... ok
test_transaction_retry_cannot_restore_closed_alert_to_pending (test_rescue_reliability.InputAndContactTests.test_transaction_retry_cannot_restore_closed_alert_to_pending) ... ok
test_default_spiral_produces_the_expected_19_search_points (test_sos_pattern.SosPatternTests.test_default_spiral_produces_the_expected_19_search_points) ... ok
test_grid_covers_both_edges_with_bounded_spacing (test_sos_pattern.SosPatternTests.test_grid_covers_both_edges_with_bounded_spacing) ... ok
test_payload_preserves_explicit_bounded_mission_fields (test_sos_pattern.SosPatternTests.test_payload_preserves_explicit_bounded_mission_fields) ... ok
test_rejects_invalid_coordinates_and_nonfinite_dimensions (test_sos_pattern.SosPatternTests.test_rejects_invalid_coordinates_and_nonfinite_dimensions) ... ok
test_cancelled_request_cannot_be_confirmed_from_stale_alert (test_sos_verification.SosVerificationTests.test_cancelled_request_cannot_be_confirmed_from_stale_alert) ... ok
test_confirmation_cancelled_does_not_create_event (test_sos_verification.SosVerificationTests.test_confirmation_cancelled_does_not_create_event) ... ok
test_malformed_confirmation_does_not_allow_dispatch (test_sos_verification.SosVerificationTests.test_malformed_confirmation_does_not_allow_dispatch) ... ok
test_unverified_legacy_event_cannot_be_prepared_or_selected (test_sos_verification.SosVerificationTests.test_unverified_legacy_event_cannot_be_prepared_or_selected) ... ok
test_unverified_legacy_pending_event_returns_to_contact_review (test_sos_verification.SosVerificationTests.test_unverified_legacy_pending_event_returns_to_contact_review) ... ok

----------------------------------------------------------------------
Ran 233 tests in 0.322s

OK
Mission publish confirmed by broker: type=rescue, waypoints=19, RTL=True
Mission publish confirmed by broker: type=rescue, waypoints=19, RTL=True
Mission publish confirmed by broker: type=rescue, waypoints=19, RTL=True
Mission publish confirmed by broker: type=rescue, waypoints=19, RTL=True
Mission publish confirmed by broker: type=rescue, waypoints=19, RTL=True
Mission publish confirmed by broker: type=rescue, waypoints=19, RTL=True
Mission publish confirmed by broker: type=session, waypoints=1, RTL=True
Mission publish confirmed by broker: type=session, waypoints=1, RTL=True
Mission publish confirmed by broker: type=session, waypoints=1, RTL=True
[ERROR] Firebase initialization failed: ValueError
Mission publish confirmed by broker: type=rescue, waypoints=19, RTL=True
Mission publish confirmed by broker: type=rescue, waypoints=19, RTL=True
Mission publish confirmed by broker: type=rescue, waypoints=19, RTL=True
[WARN] Ignored invalid receiver readiness message
MQTT connected, subscribed to drone status and onboard rescue records
[WARN] Receiver SYNC reply is unconfirmed: RuntimeError
[WARN] Receiver SYNC reply is unconfirmed: RuntimeError
[WARN] Receiver SYNC reply is unconfirmed: RuntimeError
Mission publish confirmed by broker: type=event, waypoints=1, RTL=True
[ERROR] Periodic refresh failed: RuntimeError
Mission publish confirmed by broker: type=rescue, waypoints=19, RTL=True
Mission publish confirmed by broker: type=rescue, waypoints=19, RTL=True
Mission publish confirmed by broker: type=rescue, waypoints=19, RTL=True
[ERROR] Post-dispatch refresh failed: RuntimeError
Mission publish confirmed by broker: type=rescue, waypoints=19, RTL=True
Reloading Ground Station data...
Ground Station data loaded: users=1, new_records=1, issues=0
Reloading Ground Station data...
Ground Station data loaded: users=1, new_records=0, issues=1

[2026-09-28T04:00:24Z] Ground Station dependency lock
Runtime dependency lock verified

[2026-09-28T04:00:24Z] UAV receiver tests
test_ack_loss_replays_exact_envelope_and_hash (test_capture_v2.CaptureTests.test_ack_loss_replays_exact_envelope_and_hash) ... ok
test_booking_quickstart_sos_carry_original_and_new_gps (test_capture_v2.CaptureTests.test_booking_quickstart_sos_carry_original_and_new_gps) ... ok
test_context_reget_requires_live_same_execution_and_epoch (test_capture_v2.CaptureTests.test_context_reget_requires_live_same_execution_and_epoch) ... ok
test_failed_outbox_write_is_recovered_without_replacing_record (test_capture_v2.CaptureTests.test_failed_outbox_write_is_recovered_without_replacing_record) ... ok
test_issued_intent_late_first_post_and_duplicate_after_restart (test_capture_v2.CaptureTests.test_issued_intent_late_first_post_and_duplicate_after_restart) ... ok
test_missing_source_and_carrier_substitution_rejected (test_capture_v2.CaptureTests.test_missing_source_and_carrier_substitution_rejected) ... ok
test_negative_zero_v1_source_is_preserved_semantically (test_capture_v2.CaptureTests.test_negative_zero_v1_source_is_preserved_semantically) ... ok
test_no_context_or_wrong_user_cannot_create_capture (test_capture_v2.CaptureTests.test_no_context_or_wrong_user_cannot_create_capture) ... ok
test_old_source_cannot_be_overwritten_via_v2 (test_capture_v2.CaptureTests.test_old_source_cannot_be_overwritten_via_v2) ... ok
test_only_carrier_execution_land_forwards_and_late_capture_uses_saved_trigger (test_capture_v2.CaptureTests.test_only_carrier_execution_land_forwards_and_late_capture_uses_saved_trigger) ... ok
test_synchronous_ack_and_late_publish_result_never_downgrade (test_capture_v2.CaptureTests.test_synchronous_ack_and_late_publish_result_never_downgrade) ... ok
test_true_sample_time_contract_and_strict_capture_iso (test_capture_v2.CaptureTests.test_true_sample_time_contract_and_strict_capture_iso) ... ok
test_loopback_context_capture_duplicate_and_missing_source (test_capture_v2.HttpCaptureTests.test_loopback_context_capture_duplicate_and_missing_source) ... [receiver-http] "GET /api/v2/mission-context?user_id=TEST_USER&request_id=bench_001&capture_id=cap-http HTTP/1.1" 200 -
[receiver-http] "POST /api/v2/rescue-captures HTTP/1.1" 201 -
[receiver-http] "POST /api/v2/rescue-captures HTTP/1.1" 200 -
[receiver-http] "GET /api/v2/mission-context?user_id=TEST_USER&request_id=bench_001&capture_id=cap-http HTTP/1.1" 409 -
[receiver-http] "POST /api/v2/rescue-captures HTTP/1.1" 400 -
ok
test_real_journal_liveness_and_facts (test_capture_v2.RealProviderTests.test_real_journal_liveness_and_facts) ... ok
test_failed_suback_prevents_false_ready (test_delivery_recovery.ReadinessTests.test_failed_suback_prevents_false_ready) ... ok
test_ready_waits_for_all_subacks_and_publishes_nonretained_in_worker (test_delivery_recovery.ReadinessTests.test_ready_waits_for_all_subacks_and_publishes_nonretained_in_worker) ... ok
test_reconnect_creates_new_ready_identity (test_delivery_recovery.ReadinessTests.test_reconnect_creates_new_ready_identity) ... [receiver] MQTT disconnected rc=1; reconnecting in background
ok
test_recovery_read_failure_does_not_kill_worker_service (test_delivery_recovery.ReadinessTests.test_recovery_read_failure_does_not_kill_worker_service) ... [receiver] recovery deferred: OSError
ok
test_retained_land_and_sync_are_not_new_trigger_events (test_delivery_recovery.ReadinessTests.test_retained_land_and_sync_are_not_new_trigger_events) ... ok
test_ack_loss_retries_same_envelope_then_stops_on_matching_ack (test_delivery_recovery.RecoveryTests.test_ack_loss_retries_same_envelope_then_stops_on_matching_ack) ... ok
test_backoff_interval_is_capped_and_persisted (test_delivery_recovery.RecoveryTests.test_backoff_interval_is_capped_and_persisted) ... ok
test_failed_publish_recovers_from_disk_with_same_envelope (test_delivery_recovery.RecoveryTests.test_failed_publish_recovers_from_disk_with_same_envelope) ... [receiver] delivery deferred: RuntimeError
ok
test_late_record_replays_after_land_marker_and_restart (test_delivery_recovery.RecoveryTests.test_late_record_replays_after_land_marker_and_restart) ... ok
test_old_v1_forwarded_outbox_reconstructs_identical_envelope (test_delivery_recovery.RecoveryTests.test_old_v1_forwarded_outbox_reconstructs_identical_envelope) ... ok
test_prepared_envelope_survives_crash_before_attempt_state (test_delivery_recovery.RecoveryTests.test_prepared_envelope_survives_crash_before_attempt_state) ... ok
test_unrelated_land_or_no_trigger_does_not_authorize_new_record (test_delivery_recovery.RecoveryTests.test_unrelated_land_or_no_trigger_does_not_authorize_new_record) ... ok
test_wrong_ack_preserves_retry_and_strict_schema_type (test_delivery_recovery.RecoveryTests.test_wrong_ack_preserves_retry_and_strict_schema_type) ... ok
test_corrupt_outbox_is_preserved_without_blocking_healthy_record (test_phone_sos_receiver.RescueReceiverTests.test_corrupt_outbox_is_preserved_without_blocking_healthy_record) ... [receiver] isolated 1 unreadable delivery entries
ok
test_directory_sync_failure_cannot_return_a_storage_success (test_phone_sos_receiver.RescueReceiverTests.test_directory_sync_failure_cannot_return_a_storage_success) ... ok
test_duplicate_repairs_missing_outbox_after_interrupted_first_store (test_phone_sos_receiver.RescueReceiverTests.test_duplicate_repairs_missing_outbox_after_interrupted_first_store) ... ok
test_ground_ack_requires_forwarded_state_and_all_matching_fields (test_phone_sos_receiver.RescueReceiverTests.test_ground_ack_requires_forwarded_state_and_all_matching_fields) ... ok
test_health_reports_versions_and_aggregate_persistence_only (test_phone_sos_receiver.RescueReceiverTests.test_health_reports_versions_and_aggregate_persistence_only) ... [receiver-http] "GET /health HTTP/1.1" 200 -
ok
test_land_requested_phase_and_legacy_landing_are_both_supported (test_phone_sos_receiver.RescueReceiverTests.test_land_requested_phase_and_legacy_landing_are_both_supported) ... ok
test_landing_state_forwards_matching_record_then_ground_ack_closes_outbox (test_phone_sos_receiver.RescueReceiverTests.test_landing_state_forwards_matching_record_then_ground_ack_closes_outbox) ... ok
test_landing_with_explicit_false_command_request_is_not_forwarded (test_phone_sos_receiver.RescueReceiverTests.test_landing_with_explicit_false_command_request_is_not_forwarded) ... ok
test_publish_failure_keeps_record_pending_for_retry (test_phone_sos_receiver.RescueReceiverTests.test_publish_failure_keeps_record_pending_for_retry) ... [receiver] delivery deferred: RuntimeError
ok
test_receiver_rejects_fields_that_ground_station_cannot_accept (test_phone_sos_receiver.RescueReceiverTests.test_receiver_rejects_fields_that_ground_station_cannot_accept) ... ok
test_rejects_out_of_range_gps (test_phone_sos_receiver.RescueReceiverTests.test_rejects_out_of_range_gps) ... ok
test_restart_recovers_record_without_waiting_for_phone_retransmission (test_phone_sos_receiver.RescueReceiverTests.test_restart_recovers_record_without_waiting_for_phone_retransmission) ... ok
test_same_request_is_idempotent_but_conflict_is_rejected (test_phone_sos_receiver.RescueReceiverTests.test_same_request_is_idempotent_but_conflict_is_rejected) ... ok
test_sync_replay_is_explicitly_not_landing_evidence (test_phone_sos_receiver.RescueReceiverTests.test_sync_replay_is_explicitly_not_landing_evidence) ... ok
test_tampered_record_is_not_forwarded_or_silently_repaired (test_phone_sos_receiver.RescueReceiverTests.test_tampered_record_is_not_forwarded_or_silently_repaired) ... [receiver] isolated 1 unreadable delivery entries
ok
test_test_mode_requires_a_json_boolean (test_phone_sos_receiver.RescueReceiverTests.test_test_mode_requires_a_json_boolean) ... ok
test_validates_and_stores_immutable_record (test_phone_sos_receiver.RescueReceiverTests.test_validates_and_stores_immutable_record) ... ok

----------------------------------------------------------------------
Ran 44 tests in 1.195s

OK

[2026-09-28T04:00:25Z] UAV bridge tests
test_actual_arrival_enables_collection_during_source_legs_and_rtl_closes_it (test_collection_context.CollectionContextTests.test_actual_arrival_enables_collection_during_source_legs_and_rtl_closes_it) ... ok
test_landing_abort_unknown_and_controller_change_cannot_start_new_capture (test_collection_context.CollectionContextTests.test_landing_abort_unknown_and_controller_change_cannot_start_new_capture) ... ok
test_owner_gate_and_context_are_persisted_before_capture_can_be_created (test_collection_context.CollectionContextTests.test_owner_gate_and_context_are_persisted_before_capture_can_be_created) ... ok
test_restart_changes_owner_epoch_and_never_inherits_ready_context (test_collection_context.CollectionContextTests.test_restart_changes_owner_epoch_and_never_inherits_ready_context) ... ok
test_storage_failure_releases_liveness_gate_even_if_previous_snapshot_was_ready (test_collection_context.CollectionContextTests.test_storage_failure_releases_liveness_gate_even_if_previous_snapshot_was_ready) ... ok
test_arrival_requires_matching_acceptance_and_identity (test_execution_state.ExecutionTests.test_arrival_requires_matching_acceptance_and_identity) ... ok
test_closed_journal_owner_cannot_dispatch (test_execution_state.ExecutionTests.test_closed_journal_owner_cannot_dispatch) ... ok
test_duplicate_never_restarts_and_conflict_rejected (test_execution_state.ExecutionTests.test_duplicate_never_restarts_and_conflict_rejected) ... ok
test_landing_stays_locked_and_manual_release_does_not_claim_touchdown (test_execution_state.ExecutionTests.test_landing_stays_locked_and_manual_release_does_not_claim_touchdown) ... ok
test_legacy_execution_key_is_stable (test_execution_state.ExecutionTests.test_legacy_execution_key_is_stable) ... ok
test_missing_return_fix_does_not_start (test_execution_state.ExecutionTests.test_missing_return_fix_does_not_start) ... ok
test_persistence_failure_does_not_admit (test_execution_state.ExecutionTests.test_persistence_failure_does_not_admit) ... ok
test_rejection_and_timeout_are_explicit_and_keep_target (test_execution_state.ExecutionTests.test_rejection_and_timeout_are_explicit_and_keep_target) ... ok
test_required_identity_and_source_bound (test_execution_state.ExecutionTests.test_required_identity_and_source_bound) ... ok
test_restart_requires_recovery_and_cannot_replay_target (test_execution_state.ExecutionTests.test_restart_requires_recovery_and_cannot_replay_target) ... ok
test_schema_and_feedback_indexes_are_strict_integers (test_execution_state.ExecutionTests.test_schema_and_feedback_indexes_are_strict_integers) ... ok
test_shared_fixtures (test_execution_state.ExecutionTests.test_shared_fixtures) ... ok
test_tempfile_failure_and_directory_flush_failure_disable_commands (test_execution_state.ExecutionTests.test_tempfile_failure_and_directory_flush_failure_disable_commands) ... ok
test_invalid_waypoint_rejects_whole_mission_instead_of_silent_drop (test_mission_protocol.MissionProtocolTests.test_invalid_waypoint_rejects_whole_mission_instead_of_silent_drop) ... ok
test_landing_compatibility_status_has_precise_land_requested_semantics (test_mission_protocol.MissionProtocolTests.test_landing_compatibility_status_has_precise_land_requested_semantics) ... ok
test_malformed_mission_id_is_rejected (test_mission_protocol.MissionProtocolTests.test_malformed_mission_id_is_rejected) ... ok
test_return_to_launch_requires_a_json_boolean (test_mission_protocol.MissionProtocolTests.test_return_to_launch_requires_a_json_boolean) ... ok
test_rtl_append_is_explicit_and_counted (test_mission_protocol.MissionProtocolTests.test_rtl_append_is_explicit_and_counted) ... ok
test_rtl_without_launch_fix_does_not_invent_a_coordinate (test_mission_protocol.MissionProtocolTests.test_rtl_without_launch_fix_does_not_invent_a_coordinate) ... ok
test_zero_coordinates_are_valid_and_not_replaced_by_aliases (test_mission_protocol.MissionProtocolTests.test_zero_coordinates_are_valid_and_not_replaced_by_aliases) ... ok
test_abort_requires_matching_execution_and_reset_waits_for_ack (test_mqtt_bridge_core.MqttBridgeCoreTests.test_abort_requires_matching_execution_and_reset_waits_for_ack) ... ok
test_active_mission_cannot_be_overwritten (test_mqtt_bridge_core.MqttBridgeCoreTests.test_active_mission_cannot_be_overwritten) ... ok
test_configuration_rejects_nonfinite_or_nonpositive_transport_values (test_mqtt_bridge_core.MqttBridgeCoreTests.test_configuration_rejects_nonfinite_or_nonpositive_transport_values) ... ok
test_duplicate_admission_and_feedback_do_not_replay (test_mqtt_bridge_core.MqttBridgeCoreTests.test_duplicate_admission_and_feedback_do_not_replay) ... ok
test_effective_receiver_profile_is_journaled_and_invalid_profile_rejected (test_mqtt_bridge_core.MqttBridgeCoreTests.test_effective_receiver_profile_is_journaled_and_invalid_profile_rejected) ... ok
test_lost_arrival_is_recovered_by_same_target_probe (test_mqtt_bridge_core.MqttBridgeCoreTests.test_lost_arrival_is_recovered_by_same_target_probe) ... ok
test_missing_or_stale_rtl_fix_rejects_before_command (test_mqtt_bridge_core.MqttBridgeCoreTests.test_missing_or_stale_rtl_fix_rejects_before_command) ... ok
test_queue_complete_requests_land_and_keeps_admission_lock (test_mqtt_bridge_core.MqttBridgeCoreTests.test_queue_complete_requests_land_and_keeps_admission_lock) ... ok
test_receiver_restart_does_not_rebind_active_execution (test_mqtt_bridge_core.MqttBridgeCoreTests.test_receiver_restart_does_not_rebind_active_execution) ... ok
test_rejected_target_never_reports_navigation (test_mqtt_bridge_core.MqttBridgeCoreTests.test_rejected_target_never_reports_navigation) ... ok
test_rtl_is_appended_and_counted_at_mission_start (test_mqtt_bridge_core.MqttBridgeCoreTests.test_rtl_is_appended_and_counted_at_mission_start) ... ok
test_stale_arrival_and_unassociated_legacy_status_cannot_advance (test_mqtt_bridge_core.MqttBridgeCoreTests.test_stale_arrival_and_unassociated_legacy_status_cannot_advance) ... ok
test_target_acceptance_retry_is_bounded_and_correlated (test_mqtt_bridge_core.MqttBridgeCoreTests.test_target_acceptance_retry_is_bounded_and_correlated) ... ok
test_unavailable_navigation_feedback_becomes_unknown_not_new_flight (test_mqtt_bridge_core.MqttBridgeCoreTests.test_unavailable_navigation_feedback_becomes_unknown_not_new_flight) ... ok
test_altitude_honored_and_duplicates_replay_feedback_only (test_target_adapter.AdapterCallbackTests.test_altitude_honored_and_duplicates_replay_feedback_only) ... ok
test_local_goal_publish_failure_not_cached_as_accepted (test_target_adapter.AdapterCallbackTests.test_local_goal_publish_failure_not_cached_as_accepted) ... ok
test_missing_stale_and_wrong_receiver_reject_before_goal (test_target_adapter.AdapterCallbackTests.test_missing_stale_and_wrong_receiver_reject_before_goal) ... ok
test_receiver_restart_cannot_accept_old_target (test_target_adapter.AdapterCallbackTests.test_receiver_restart_cannot_accept_old_target) ... ok
test_sequence_identity_duplicate_and_abort (test_target_adapter.TargetCoreTests.test_sequence_identity_duplicate_and_abort) ... ok

----------------------------------------------------------------------
Ran 44 tests in 0.016s

OK

[2026-09-28T04:00:26Z] UAV recorder tests
test_camera_failure_retains_previous_frames_as_incomplete (test_cam_recorder_faults.RecorderFaultTests.test_camera_failure_retains_previous_frames_as_incomplete) ... ok
test_failed_finalization_is_not_done_and_keeps_partial (test_cam_recorder_faults.RecorderFaultTests.test_failed_finalization_is_not_done_and_keeps_partial) ... ok
test_failed_retention_rename_keeps_partial (test_cam_recorder_faults.RecorderFaultTests.test_failed_retention_rename_keeps_partial) ... ok
test_normal_stop_still_produces_done (test_cam_recorder_faults.RecorderFaultTests.test_normal_stop_still_produces_done) ... ok
test_zero_frame_failure_removes_empty_partial (test_cam_recorder_faults.RecorderFaultTests.test_zero_frame_failure_removes_empty_partial) ... ok
test_legacy_match_is_explicit (test_recording_session.RecordingSessionTests.test_legacy_match_is_explicit) ... ok
test_manual_session_not_ended_by_mission (test_recording_session.RecordingSessionTests.test_manual_session_not_ended_by_mission) ... ok
test_old_process_terminal_cannot_clear_new_session (test_recording_session.RecordingSessionTests.test_old_process_terminal_cannot_clear_new_session) ... ok
test_only_own_execution_stops_recording (test_recording_session.RecordingSessionTests.test_only_own_execution_stops_recording) ... ok
test_existing_journal_cannot_be_silently_overwritten (test_recording_state.RecordingJournalTests.test_existing_journal_cannot_be_silently_overwritten) ... ok
test_full_recording_lifecycle_is_persisted (test_recording_state.RecordingJournalTests.test_full_recording_lifecycle_is_persisted) ... ok
test_invalid_transition_is_rejected (test_recording_state.RecordingJournalTests.test_invalid_transition_is_rejected) ... ok

----------------------------------------------------------------------
Ran 12 tests in 0.120s

OK

[2026-09-28T04:00:26Z] UAV demo tests
test_demo_is_hardware_free_and_exposes_land_request_boundary (test_generate_uav_demo.UavDemoTests.test_demo_is_hardware_free_and_exposes_land_request_boundary) ... ok

----------------------------------------------------------------------
Ran 1 test in 0.006s

OK

[2026-09-28T04:00:26Z] Pure C++ target lifecycle compile and execution
target lifecycle: readiness, identity, deduplication, arrival and release assertions passed
PASS: pure C++ target lifecycle compiled and ran; ROS node build is not covered.

[2026-09-28T04:00:27Z] Cross-component release and protocol integration
test_all_three_trigger_types_keep_original_sos_and_current_flight_identity (test_arrival_capture_contract.ArrivalCaptureContractTests.test_all_three_trigger_types_keep_original_sos_and_current_flight_identity) ... [receiver-http] "GET /api/v2/mission-context?user_id=SYNTHETIC&request_id=request&capture_id=too-early HTTP/1.1" 409 -
[receiver-http] "GET /api/v2/mission-context?user_id=SYNTHETIC&request_id=request&capture_id=synthetic-capture HTTP/1.1" 200 -
[receiver-http] "POST /api/v2/rescue-captures HTTP/1.1" 201 -
[receiver-http] "GET /api/v2/mission-context?user_id=SYNTHETIC&request_id=request&capture_id=after-land-request HTTP/1.1" 409 -
[receiver-http] "GET /api/v2/mission-context?user_id=SYNTHETIC&request_id=request&capture_id=synthetic-capture HTTP/1.1" 409 -
[receiver-http] "GET /api/v2/mission-context?user_id=SYNTHETIC&request_id=request&capture_id=too-early HTTP/1.1" 409 -
[receiver-http] "GET /api/v2/mission-context?user_id=SYNTHETIC&request_id=request&capture_id=synthetic-capture HTTP/1.1" 200 -
[receiver-http] "POST /api/v2/rescue-captures HTTP/1.1" 201 -
[receiver-http] "GET /api/v2/mission-context?user_id=SYNTHETIC&request_id=request&capture_id=after-land-request HTTP/1.1" 409 -
[receiver-http] "GET /api/v2/mission-context?user_id=SYNTHETIC&request_id=request&capture_id=synthetic-capture HTTP/1.1" 409 -
[receiver-http] "GET /api/v2/mission-context?user_id=SYNTHETIC&request_id=request&capture_id=too-early HTTP/1.1" 409 -
[receiver-http] "GET /api/v2/mission-context?user_id=SYNTHETIC&request_id=request&capture_id=synthetic-capture HTTP/1.1" 200 -
[receiver-http] "POST /api/v2/rescue-captures HTTP/1.1" 201 -
[receiver-http] "GET /api/v2/mission-context?user_id=SYNTHETIC&request_id=request&capture_id=after-land-request HTTP/1.1" 409 -
[receiver-http] "GET /api/v2/mission-context?user_id=SYNTHETIC&request_id=request&capture_id=synthetic-capture HTTP/1.1" 409 -
[receiver-http] "GET /api/v2/mission-context?user_id=SYNTHETIC&request_id=request&capture_id=too-early HTTP/1.1" 409 -
[receiver-http] "GET /api/v2/mission-context?user_id=SYNTHETIC&request_id=request&capture_id=synthetic-capture HTTP/1.1" 200 -
[receiver-http] "POST /api/v2/rescue-captures HTTP/1.1" 201 -
[receiver-http] "GET /api/v2/mission-context?user_id=SYNTHETIC&request_id=request&capture_id=after-land-request HTTP/1.1" 409 -
[receiver-http] "GET /api/v2/mission-context?user_id=SYNTHETIC&request_id=request&capture_id=synthetic-capture HTTP/1.1" 409 -
ok
test_immediate_ground_ack_cannot_be_lost_or_rolled_back_by_publish_completion (test_arrival_capture_contract.ArrivalCaptureContractTests.test_immediate_ground_ack_cannot_be_lost_or_rolled_back_by_publish_completion) ... [receiver-http] "GET /api/v2/mission-context?user_id=SYNTHETIC&request_id=request&capture_id=too-early HTTP/1.1" 409 -
[receiver-http] "GET /api/v2/mission-context?user_id=SYNTHETIC&request_id=request&capture_id=synthetic-capture HTTP/1.1" 200 -
[receiver-http] "POST /api/v2/rescue-captures HTTP/1.1" 201 -
[receiver-http] "GET /api/v2/mission-context?user_id=SYNTHETIC&request_id=request&capture_id=after-land-request HTTP/1.1" 409 -
[receiver-http] "GET /api/v2/mission-context?user_id=SYNTHETIC&request_id=request&capture_id=synthetic-capture HTTP/1.1" 409 -
ok
test_live_owner_is_checked_across_real_process_exit_and_restart (test_arrival_capture_contract.ArrivalCaptureContractTests.test_live_owner_is_checked_across_real_process_exit_and_restart) ... ok
test_lost_http_receipt_retries_exact_durable_payload_without_new_gps (test_arrival_capture_contract.ArrivalCaptureContractTests.test_lost_http_receipt_retries_exact_durable_payload_without_new_gps) ... [receiver-http] "GET /api/v2/mission-context?user_id=SYNTHETIC&request_id=request&capture_id=too-early HTTP/1.1" 409 -
[receiver-http] "GET /api/v2/mission-context?user_id=SYNTHETIC&request_id=request&capture_id=synthetic-capture HTTP/1.1" 200 -
[receiver-http] "POST /api/v2/rescue-captures HTTP/1.1" 201 -
[receiver-http] "POST /api/v2/rescue-captures HTTP/1.1" 200 -
[receiver-http] "GET /api/v2/mission-context?user_id=SYNTHETIC&request_id=request&capture_id=after-land-request HTTP/1.1" 409 -
[receiver-http] "GET /api/v2/mission-context?user_id=SYNTHETIC&request_id=request&capture_id=synthetic-capture HTTP/1.1" 409 -
ok
test_canonical_bytes_and_hashes_match_all_three_real_modules (test_cross_language_captures.CrossLanguageCaptureTests.test_canonical_bytes_and_hashes_match_all_three_real_modules) ... ok
test_invalid_sample_identity_and_precision_are_rejected_by_all_modules (test_cross_language_captures.CrossLanguageCaptureTests.test_invalid_sample_identity_and_precision_are_rejected_by_all_modules) ... ok
test_python_receipt_is_validated_against_actual_mobile_content (test_cross_language_captures.CrossLanguageCaptureTests.test_python_receipt_is_validated_against_actual_mobile_content) ... ok
test_canonical_bytes_match_real_python_normalizer_on_numeric_edges (test_cross_language_records.CrossLanguageRecordHashTests.test_canonical_bytes_match_real_python_normalizer_on_numeric_edges) ... ok
test_content_sha256_matches_real_python_for_every_vector (test_cross_language_records.CrossLanguageRecordHashTests.test_content_sha256_matches_real_python_for_every_vector) ... ok
test_different_target_fails_without_printing_target_or_credentials (test_deployment_preflight.DeploymentPreflightTests.test_different_target_fails_without_printing_target_or_credentials) ... ok
test_invalid_mobile_urls_are_rejected_and_not_echoed (test_deployment_preflight.DeploymentPreflightTests.test_invalid_mobile_urls_are_rejected_and_not_echoed) ... ok
test_missing_and_bad_thresholds_do_not_enable_dispatch (test_deployment_preflight.DeploymentPreflightTests.test_missing_and_bad_thresholds_do_not_enable_dispatch) ... ok
test_real_ground_config_and_preflight_agree_without_sdk_initialization (test_deployment_preflight.DeploymentPreflightTests.test_real_ground_config_and_preflight_agree_without_sdk_initialization) ... ok
test_real_mobile_resolver_and_preflight_agree_on_supported_origins (test_deployment_preflight.DeploymentPreflightTests.test_real_mobile_resolver_and_preflight_agree_on_supported_origins) ... ok
test_same_derived_default_does_not_masquerade_as_explicit_configuration (test_deployment_preflight.DeploymentPreflightTests.test_same_derived_default_does_not_masquerade_as_explicit_configuration) ... ok
test_same_explicit_target_and_valid_settings_pass_without_deployment_claim (test_deployment_preflight.DeploymentPreflightTests.test_same_explicit_target_and_valid_settings_pass_without_deployment_claim) ... ok
test_static_reader_rejects_dynamic_target_instead_of_guessing (test_deployment_preflight.DeploymentPreflightTests.test_static_reader_rejects_dynamic_target_instead_of_guessing) ... ok
test_actual_gs_publish_bytes_parse_on_uav_after_durable_authorization_hook (test_flight_execution_contract.FlightExecutionContractTests.test_actual_gs_publish_bytes_parse_on_uav_after_durable_authorization_hook) ... ok
test_correlated_feedback_is_required_and_land_request_remains_locked (test_flight_execution_contract.FlightExecutionContractTests.test_correlated_feedback_is_required_and_land_request_remains_locked) ... ok
test_each_trigger_actual_producer_is_accepted_with_identical_content (test_flight_execution_contract.FlightExecutionContractTests.test_each_trigger_actual_producer_is_accepted_with_identical_content) ... ok
test_effective_parameter_boundaries_and_nulls_match (test_flight_execution_contract.FlightExecutionContractTests.test_effective_parameter_boundaries_and_nulls_match) ... ok
test_invalid_wire_is_rejected_by_both_modules (test_flight_execution_contract.FlightExecutionContractTests.test_invalid_wire_is_rejected_by_both_modules) ... ok
test_lost_broker_confirmation_then_gs_restart_reuses_uav_execution (test_flight_execution_contract.FlightExecutionContractTests.test_lost_broker_confirmation_then_gs_restart_reuses_uav_execution) ... ok
test_maximum_source_length_and_duplicate_points_survive_with_extra_rtl (test_flight_execution_contract.FlightExecutionContractTests.test_maximum_source_length_and_duplicate_points_survive_with_extra_rtl) ... ok
test_retry_and_persistent_restart_never_recreate_a_flight (test_flight_execution_contract.FlightExecutionContractTests.test_retry_and_persistent_restart_never_recreate_a_flight) ... ok
test_synthetic_record_is_stored_forwarded_and_acknowledged (test_phone_uav_groundstation.PhoneUavGroundStationIntegrationTest.test_synthetic_record_is_stored_forwarded_and_acknowledged) ... [receiver-http] "GET /health HTTP/1.1" 200 -
[receiver-http] "POST /api/v1/rescue-requests HTTP/1.1" 201 -
ok
test_config_does_not_fall_back_to_old_inactivity_parameters (test_quick_start_freshness_contract.FreshnessContracts.test_config_does_not_fall_back_to_old_inactivity_parameters) ... ok
test_g01_g02_real_mobile_gate_then_stationary_or_moving_samples_stay_fresh (test_quick_start_freshness_contract.FreshnessContracts.test_g01_g02_real_mobile_gate_then_stationary_or_moving_samples_stay_fresh) ... ok
test_g03_threshold_is_inclusive_and_uses_sample_plus_timeout (test_quick_start_freshness_contract.FreshnessContracts.test_g03_threshold_is_inclusive_and_uses_sample_plus_timeout) ... ok
test_g04_g05_g07_g08_real_mobile_gate_rejects_cached_duplicate_and_invalid_samples (test_quick_start_freshness_contract.FreshnessContracts.test_g04_g05_g07_g08_real_mobile_gate_rejects_cached_duplicate_and_invalid_samples) ... ok
test_g04_g07_g12_duplicate_and_reordered_points_do_not_regress_or_refresh_a (test_quick_start_freshness_contract.FreshnessContracts.test_g04_g07_g12_duplicate_and_reordered_points_do_not_regress_or_refresh_a) ... ok
test_g06_expired_backlog_advances_a_but_does_not_restart_timeout_episode (test_quick_start_freshness_contract.FreshnessContracts.test_g06_expired_backlog_advances_a_but_does_not_restart_timeout_episode) ... ok
test_g08_bad_point_does_not_mask_timeout_and_has_a_diagnostic (test_quick_start_freshness_contract.FreshnessContracts.test_g08_bad_point_does_not_mask_timeout_and_has_a_diagnostic) ... ok
test_g08_future_only_record_does_not_start_tracking_when_clock_catches_up (test_quick_start_freshness_contract.FreshnessContracts.test_g08_future_only_record_does_not_start_tracking_when_clock_catches_up) ... ok
test_g08_future_sample_cannot_age_into_freshness_after_restart_or_key_change (test_quick_start_freshness_contract.FreshnessContracts.test_g08_future_sample_cannot_age_into_freshness_after_restart_or_key_change) ... ok
test_g09_g10_no_valid_current_session_point_is_not_ready (test_quick_start_freshness_contract.FreshnessContracts.test_g09_g10_no_valid_current_session_point_is_not_ready) ... ok
test_g10_different_session_does_not_inherit_previous_a (test_quick_start_freshness_contract.FreshnessContracts.test_g10_different_session_does_not_inherit_previous_a) ... ok
test_g11_g12_retry_rechecks_concurrent_stop_before_commit (test_quick_start_freshness_contract.FreshnessContracts.test_g11_g12_retry_rechecks_concurrent_stop_before_commit) ... ok
test_g11_stopped_session_never_creates_new_alert (test_quick_start_freshness_contract.FreshnessContracts.test_g11_stopped_session_never_creates_new_alert) ... ok
test_g12_failed_cloud_commit_has_no_local_persistence_or_success_result (test_quick_start_freshness_contract.FreshnessContracts.test_g12_failed_cloud_commit_has_no_local_persistence_or_success_result) ... ok
test_g12_retry_preserves_concurrent_human_resolution (test_quick_start_freshness_contract.FreshnessContracts.test_g12_retry_preserves_concurrent_human_resolution) ... ok
test_g13_closed_alert_requires_actual_recovery_before_a_new_alert (test_quick_start_freshness_contract.FreshnessContracts.test_g13_closed_alert_requires_actual_recovery_before_a_new_alert) ... ok
test_g13_fresh_recovery_preserves_pending_human_state_and_retimeout_reuses_alert (test_quick_start_freshness_contract.FreshnessContracts.test_g13_fresh_recovery_preserves_pending_human_state_and_retimeout_reuses_alert) ... ok
test_g13_recovery_does_not_prevent_explicit_operator_conversion (test_quick_start_freshness_contract.FreshnessContracts.test_g13_recovery_does_not_prevent_explicit_operator_conversion) ... ok
test_g14_recovery_does_not_cancel_or_mutate_converted_or_dispatched_event (test_quick_start_freshness_contract.FreshnessContracts.test_g14_recovery_does_not_cancel_or_mutate_converted_or_dispatched_event) ... ok
test_g15_sample_alert_operator_event_queue_chain_uses_distinct_time_origins (test_quick_start_freshness_contract.FreshnessContracts.test_g15_sample_alert_operator_event_queue_chain_uses_distinct_time_origins) ... ok
test_g16_legacy_event_is_schedulable_and_never_duplicated (test_quick_start_freshness_contract.FreshnessContracts.test_g16_legacy_event_is_schedulable_and_never_duplicated) ... ok
test_g16_legacy_pending_alert_with_missing_detection_fields_is_preserved (test_quick_start_freshness_contract.FreshnessContracts.test_g16_legacy_pending_alert_with_missing_detection_fields_is_preserved) ... ok
test_g16_malformed_legacy_identity_reports_issue_without_crash_or_duplicate (test_quick_start_freshness_contract.FreshnessContracts.test_g16_malformed_legacy_identity_reports_issue_without_crash_or_duplicate) ... ok
test_g18_booking_and_sos_survive_invalid_quick_start_data (test_quick_start_freshness_contract.FreshnessContracts.test_g18_booking_and_sos_survive_invalid_quick_start_data) ... ok
test_preflight_demands_new_explicit_timeout_and_separate_queue_threshold (test_quick_start_freshness_contract.FreshnessContracts.test_preflight_demands_new_explicit_timeout_and_separate_queue_threshold) ... ok
test_scan_is_pure_and_only_repository_commit_can_publish_detection (test_quick_start_freshness_contract.FreshnessContracts.test_scan_is_pure_and_only_repository_commit_can_publish_detection) ... ok
test_threshold_change_cannot_recover_an_episode_without_a_new_fresh_sample (test_quick_start_freshness_contract.FreshnessContracts.test_threshold_change_cannot_recover_an_episode_without_a_new_fresh_sample) ... ok
test_ground_station_release_metadata_is_v7_0_4_0 (test_release_alignment.CrossComponentReleaseAlignmentTests.test_ground_station_release_metadata_is_v7_0_4_0) ... ok
test_mobile_release_metadata_is_1_2_0_build_3 (test_release_alignment.CrossComponentReleaseAlignmentTests.test_mobile_release_metadata_is_1_2_0_build_3) ... ok
test_uav_release_metadata_is_1_2_0 (test_release_alignment.CrossComponentReleaseAlignmentTests.test_uav_release_metadata_is_1_2_0) ... ok
test_artifacts_record_stub_dispatch_and_strict_evidence_boundaries (test_scheduler_controlled.ControlledSchedulerArtifactTests.test_artifacts_record_stub_dispatch_and_strict_evidence_boundaries) ... ok
test_writer_creates_json_checksums_and_refuses_overwrite (test_scheduler_controlled.ControlledSchedulerArtifactTests.test_writer_creates_json_checksums_and_refuses_overwrite) ... ok
test_booking_upgrades_at_equality_and_joins_sos_created_time_order (test_scheduler_controlled.ControlledSchedulerScenarioTests.test_booking_upgrades_at_equality_and_joins_sos_created_time_order) ... ok
test_controlled_result_is_independent_of_input_order (test_scheduler_controlled.ControlledSchedulerScenarioTests.test_controlled_result_is_independent_of_input_order) ... ok
test_three_trigger_types_coexist_one_millisecond_before_upgrade (test_scheduler_controlled.ControlledSchedulerScenarioTests.test_three_trigger_types_coexist_one_millisecond_before_upgrade) ... ok

----------------------------------------------------------------------
Ran 61 tests in 6.634s

OK
Mission publish confirmed by broker: type=rescue, waypoints=19, RTL=True
Mission publish confirmed by broker: type=event, waypoints=1, RTL=True
Mission publish confirmed by broker: type=session, waypoints=1, RTL=True
Mission publish confirmed by broker: type=session, waypoints=1, RTL=True
Mission publish confirmed by broker: type=session, waypoints=1, RTL=True
Mission publish confirmed by broker: type=event, waypoints=1, RTL=True
Mission publish confirmed by broker: type=event, waypoints=3, RTL=True
Mission publish confirmed by broker: type=event, waypoints=3, RTL=True

ALL LOCAL SOFTWARE VERIFICATION STEPS PASSED
This does not verify a deployed build, a ROS package build, or physical flight.
